// Jest Snapshot v1, https://goo.gl/fbAQLP

exports[`Should render Login Page correctly 1`] = `
<div
  className="box-layout"
>
  <div
    className="box-layout__box"
  >
    <h1
      className="box-layout__title"
    >
       Boilerplate 
    </h1>
    <p>
       Boilerplate app. 
    </p>
    <button
      class="button"
    >
       Login  
    </button>
  </div>
</div>
`;
